test_get_status (__main__.TestAdvancedProcessEngine.test_get_status)
Test engine status reporting. ... PROCESS_ENGINE: --- [PROCESS_ENGINE]: INITIALIZED WITH 2 WORKERS ---
ok
test_priority_execution (__main__.TestAdvancedProcessEngine.test_priority_execution)
Test that high priority tasks are executed first. ... PROCESS_ENGINE: --- [PROCESS_ENGINE]: INITIALIZED WITH 2 WORKERS ---
PROCESS_ENGINE: [SUBMIT] Task low_priority (626c4642ef13b5ce) queued with priority LOW
PROCESS_ENGINE: [SUBMIT] Task high_priority (529c613e18e49d66) queued with priority HIGH
PROCESS_ENGINE: [WORKER-0] Started
PROCESS_ENGINE: [WORKER-1] Started
PROCESS_ENGINE: --- [PROCESS_ENGINE]: STARTED 2 WORKERS ---
PROCESS_ENGINE: [WORKER-0] Task low_priority completed in 100.08ms
PROCESS_ENGINE: [WORKER-1] Task high_priority completed in 100.08ms
PROCESS_ENGINE: [WORKER-1] Stopped
PROCESS_ENGINE: [WORKER-0] Stopped
PROCESS_ENGINE: --- [PROCESS_ENGINE]: STOPPED ---
FAIL
test_submit_task (__main__.TestAdvancedProcessEngine.test_submit_task)
Test task submission. ... PROCESS_ENGINE: --- [PROCESS_ENGINE]: INITIALIZED WITH 2 WORKERS ---
PROCESS_ENGINE: [SUBMIT] Task simple (ac34fd157e3374be) queued with priority NORMAL
ok
test_task_execution (__main__.TestAdvancedProcessEngine.test_task_execution)
Test that tasks are executed. ... PROCESS_ENGINE: --- [PROCESS_ENGINE]: INITIALIZED WITH 2 WORKERS ---
PROCESS_ENGINE: [WORKER-0] Started
PROCESS_ENGINE: [WORKER-1] Started
PROCESS_ENGINE: --- [PROCESS_ENGINE]: STARTED 2 WORKERS ---
PROCESS_ENGINE: [SUBMIT] Task task_0 (4cf7598b2b94878a) queued with priority NORMAL
PROCESS_ENGINE: [SUBMIT] Task task_1 (dba7d3f961583129) queued with priority NORMAL
PROCESS_ENGINE: [SUBMIT] Task task_2 (4c60e32a464745c0) queued with priority NORMAL
PROCESS_ENGINE: [SUBMIT] Task task_3 (eb061c762de9d335) queued with priority NORMAL
PROCESS_ENGINE: [SUBMIT] Task task_4 (51c3918716f87d20) queued with priority NORMAL
PROCESS_ENGINE: [WORKER-0] Task task_0 completed in 0.01ms
PROCESS_ENGINE: [WORKER-1] Task task_1 completed in 0.01ms
PROCESS_ENGINE: [WORKER-1] Task task_3 completed in 0.01ms
PROCESS_ENGINE: [WORKER-0] Task task_2 completed in 0.01ms
PROCESS_ENGINE: [WORKER-0] Task task_4 completed in 0.01ms
PROCESS_ENGINE: [WORKER-0] Stopped
PROCESS_ENGINE: [WORKER-1] Stopped
PROCESS_ENGINE: --- [PROCESS_ENGINE]: STOPPED ---
ok
test_alert_cooldown (__main__.TestAlertManager.test_alert_cooldown)
Test that duplicate alerts are throttled. ... REGISTRY: [ALERT:ERROR] test_process: Error message
ok
test_fire_alert (__main__.TestAlertManager.test_fire_alert)
Test firing alerts. ... REGISTRY: [ALERT:ERROR] test_process: Something went wrong
ok
test_resolve_alert (__main__.TestAlertManager.test_resolve_alert)
Test resolving alerts. ... REGISTRY: [ALERT:WARNING] test_process: Warning message
ok
test_task_demotion (__main__.TestMLFQScheduler.test_task_demotion)
Test that tasks using full quantum are demoted. ... ok
test_task_scheduling (__main__.TestMLFQScheduler.test_task_scheduling)
Test basic MLFQ scheduling. ... ok
test_counter (__main__.TestMetricsCollector.test_counter)
Test counter metrics. ... ok
test_gauge (__main__.TestMetricsCollector.test_gauge)
Test gauge metrics. ... ok
test_histogram (__main__.TestMetricsCollector.test_histogram)
Test histogram metrics. ... ok
test_consciousness_priority (__main__.TestPhiHarmonicScheduler.test_consciousness_priority)
Test that consciousness tasks get higher weight. ... ok
test_harmonic_state (__main__.TestPhiHarmonicScheduler.test_harmonic_state)
Test harmonic state tracking. ... ok
test_pipeline_with_failure (__main__.TestProcessPipeline.test_pipeline_with_failure)
Test pipeline handling of failures. ... ok
test_simple_pipeline (__main__.TestProcessPipeline.test_simple_pipeline)
Test a simple pipeline execution. ... ok
test_get_by_capability (__main__.TestProcessRegistry.test_get_by_capability)
Test finding processes by capability. ... REGISTRY: --- [REGISTRY]: INITIALIZED ---
REGISTRY: [REGISTER] Process process_a registered with ID 340c1e618227e75f
REGISTRY: [REGISTER] Process process_b registered with ID 128b82bf28f91976
ok
test_heartbeat (__main__.TestProcessRegistry.test_heartbeat)
Test heartbeat functionality. ... REGISTRY: --- [REGISTRY]: INITIALIZED ---
REGISTRY: [REGISTER] Process heartbeat_test registered with ID 1ce22d90912dd4f4
ok
test_register_process (__main__.TestProcessRegistry.test_register_process)
Test process registration. ... REGISTRY: --- [REGISTRY]: INITIALIZED ---
REGISTRY: [REGISTER] Process test_process registered with ID e9749378781d56f1
ok
test_allocate_and_release (__main__.TestResourceManager.test_allocate_and_release)
Test resource allocation and release. ... 